// Jest Snapshot v1, https://goo.gl/fbAQLP

exports[`Counter component should render correctly 1`] = `
<div>
  <div
    className="counter-value"
  >
    0
  </div>
  <input
    className="counter-input"
    onChange={[Function]}
    type="number"
    value={0}
  />
  <button
    onClick={[Function]}
  >
    Change
  </button>
  <button
    onClick={[Function]}
  >
    Reset
  </button>
  <button
    onClick={[Function]}
  >
    -
  </button>
  <button
    onClick={[Function]}
  >
    +
  </button>
</div>
`;
